==613573== Memcheck, a memory error detector
==613573== Copyright (C) 2002-2022, and GNU GPL'd, by Julian Seward et al.
==613573== Using Valgrind-3.22.0.GIT and LibVEX; rerun with -h for copyright info
==613573== Command: ./a.out /usr/shar
==613573== Parent PID: 611933
==613573== 
==613573== Conditional jump or move depends on uninitialised value(s)
==613573==    at 0x401D38: radixSort(int*, int, int) (in /home/mmamozai0/Documents/CS1D/A1/a.out)
==613573==    by 0x401460: main (in /home/mmamozai0/Documents/CS1D/A1/a.out)
==613573== 
==613573== 
==613573== HEAP SUMMARY:
==613573==     in use at exit: 0 bytes in 0 blocks
==613573==   total heap usage: 3 allocs, 3 frees, 75,776 bytes allocated
==613573== 
==613573== All heap blocks were freed -- no leaks are possible
==613573== 
==613573== Use --track-origins=yes to see where uninitialised values come from
==613573== For lists of detected and suppressed errors, rerun with: -s
==613573== ERROR SUMMARY: 1 errors from 1 contexts (suppressed: 0 from 0)
