==612511== Memcheck, a memory error detector
==612511== Copyright (C) 2002-2022, and GNU GPL'd, by Julian Seward et al.
==612511== Using Valgrind-3.22.0.GIT and LibVEX; rerun with -h for copyright info
==612511== Command: ./a.out 1
==612511== Parent PID: 611933
==612511== 
==612511== Conditional jump or move depends on uninitialised value(s)
==612511==    at 0x401A2E: quickSort(int*, int, int) (in /home/mmamozai0/Documents/CS1D/A1/a.out)
==612511==    by 0x4013F9: main (in /home/mmamozai0/Documents/CS1D/A1/a.out)
==612511== 
==612511== 
==612511== HEAP SUMMARY:
==612511==     in use at exit: 0 bytes in 0 blocks
==612511==   total heap usage: 3 allocs, 3 frees, 75,776 bytes allocated
==612511== 
==612511== All heap blocks were freed -- no leaks are possible
==612511== 
==612511== Use --track-origins=yes to see where uninitialised values come from
==612511== For lists of detected and suppressed errors, rerun with: -s
==612511== ERROR SUMMARY: 1 errors from 1 contexts (suppressed: 0 from 0)
